../Core/Src/main.c:168:6:r_ac_frequency	8	static
../Core/Src/main.c:200:6:CIR_data_ready	8	static
../Core/Src/main.c:235:6:CR_data_ready	8	static
../Core/Src/main.c:283:5:main	8	static
../Core/Src/main.c:459:6:SystemClock_Config	88	static
../Core/Src/main.c:506:13:MX_ADC1_Init	24	static
../Core/Src/main.c:595:13:MX_TIM2_Init	64	static
../Core/Src/main.c:656:13:MX_DMA_Init	16	static
../Core/Src/main.c:674:13:MX_GPIO_Init	56	static
../Core/Src/main.c:713:6:HAL_TIM_PeriodElapsedCallback	16	static
../Core/Src/main.c:732:7:HAL_ADC_ConvCpltCallback	16	static
../Core/Src/main.c:754:6:Error_Handler	8	static,ignoring_inline_asm
