../Core/Src/main.c:189:6:r_ac_frequency	8	static
../Core/Src/main.c:221:6:CIR_data_ready	8	static
../Core/Src/main.c:256:6:CR_data_ready	8	static
../Core/Src/main.c:310:5:main	16	static
../Core/Src/main.c:492:6:SystemClock_Config	88	static
../Core/Src/main.c:539:13:MX_ADC1_Init	24	static
../Core/Src/main.c:628:13:MX_TIM2_Init	64	static
../Core/Src/main.c:691:13:MX_USART2_UART_Init	8	static
../Core/Src/main.c:737:13:MX_DMA_Init	16	static
../Core/Src/main.c:758:13:MX_GPIO_Init	56	static
../Core/Src/main.c:798:6:HAL_TIM_PeriodElapsedCallback	16	static
../Core/Src/main.c:817:7:HAL_ADC_ConvCpltCallback	16	static
../Core/Src/main.c:839:6:Error_Handler	8	static,ignoring_inline_asm
