../Core/Inc/lcd_1602.h:39:6:delay_us	24	static,ignoring_inline_asm
../Core/Inc/lcd_1602.h:52:6:lcd_send_nibble	16	static
../Core/Inc/lcd_1602.h:65:6:lcd_send_byte	16	static
../Core/Inc/lcd_1602.h:79:6:lcd_init	16	static
../Core/Inc/lcd_1602.h:100:6:lcd_gotoxy	24	static
../Core/Inc/lcd_1602.h:112:6:lcd_putc	16	static
../Core/Inc/lcd_1602.h:132:6:lcd_puts	16	static
../Core/Src/main.c:65:5:main	8	static
../Core/Src/main.c:111:6:SystemClock_Config	72	static
../Core/Src/main.c:151:13:MX_GPIO_Init	40	static
../Core/Src/main.c:189:6:Error_Handler	4	static,ignoring_inline_asm
